[backblue.gif]
[fade.gif]
[index.html]
[www.takaratomy.co.jp/products/wixoss/wxwp/images/ogp_images/column.png]
[www.takaratomy.co.jp/products/wixoss/wxwp/wp-content/plugins/wp-polls/images/default/pollbg.gif]
[www.takaratomy.co.jp/products/wixoss/wxwp/wp-includes/js/jquery/jqueryb8ff.js]
[www.takaratomy.co.jp/products/wixoss/wxwp/wp-includes/js/jquery/jquery-migrate.min330a.js]
[www.takaratomy.co.jp/products/wixoss/wxwp/wp-content/themes/wixoss_pc/js/jquery.colorbox-min1c9b.js]
[www.takaratomy.co.jp/products/wixoss/wxwp/wp-content/themes/wixoss_pc/js/jquery.droppy1c9b.js]
[www.takaratomy.co.jp/products/wixoss/wxwp/wp-content/themes/wixoss_pc/common/js/jquery.scrollTo1c9b.js]
[ajax.googleapis.com/ajax/libs/jqueryui/1.11.4/jquery-ui.min1c9b.js]
[www.takaratomy.co.jp/products/wixoss/wxwp/wp-content/themes/wixoss_pc/js/header.js]
[www.takaratomy.co.jp/products/wixoss/wxwp/wp-content/themes/wixoss_pc/js/bt.js]
[www.takaratomy.co.jp/products/wixoss/wxwp/wp-content/themes/wixoss_pc/common/js/rollover.js]
[www.takaratomy.co.jp/products/wixoss/wxwp/wp-content/themes/wixoss_pc/common/js/common.js]
[www.takaratomy.co.jp/products/wixoss/wxwp/wp-content/themes/wixoss_pc/common/js/rightNavi.js]
[www.takaratomy.co.jp/include/ad.js]
[cache.dga.jp/s/t_tomy/search_tool_n1.js]
[connect.facebook.net/en_US/fbevents.js]
[www.takaratomy.co.jp/products/wixoss/wxwp/images/bg_chara/bg_chara_wx16_1612_01.png]
[www.takaratomy.co.jp/products/wixoss/wxwp/images/logo_off.png]
[www.takaratomy.co.jp/products/wixoss/wxwp/images/nav_product_off.png]
[www.takaratomy.co.jp/products/wixoss/wxwp/images/nav_shop_off.png]
[www.takaratomy.co.jp/products/wixoss/wxwp/images/nav_event_off.png]
[www.takaratomy.co.jp/products/wixoss/wxwp/images/nav_card_off.png]
[www.takaratomy.co.jp/products/wixoss/wxwp/images/nav_rule_off.png]
[www.takaratomy.co.jp/products/wixoss/wxwp/images/nav_column_off.png]
[www.takaratomy.co.jp/products/wixoss/wxwp/images/column_side_bt_01.png]
[www.takaratomy.co.jp/products/wixoss/wxwp/images/column_list_maintitle_01.png]
[www.takaratomy.co.jp/products/wixoss/wxwp/images/column/play_161118/anm_image_001.jpg]
[www.takaratomy.co.jp/products/wixoss/wxwp/images/column/play_161118/anm_image_002.jpg]
[www.takaratomy.co.jp/products/wixoss/wxwp/images/column/play_161118/anm_image_003.jpg]
[www.takaratomy.co.jp/products/wixoss/wxwp/images/column/play_161118/anm_image_004.jpg]
[www.takaratomy.co.jp/products/wixoss/wxwp/images/column/play_161118/anm_image_005.jpg]
[www.takaratomy.co.jp/products/wixoss/wxwp/images/card/WX14/WX14-037.jpg]
[www.takaratomy.co.jp/products/wixoss/wxwp/images/card/WX12/WX12-045.jpg]
[www.takaratomy.co.jp/products/wixoss/wxwp/images/card/WX14/WX14-058.jpg]
[www.takaratomy.co.jp/products/wixoss/wxwp/images/card/WX14/WX14-059.jpg]
[www.takaratomy.co.jp/products/wixoss/wxwp/images/card/WX12/WX12-044.jpg]
[www.takaratomy.co.jp/products/wixoss/wxwp/images/card/WX14/WX14-057.jpg]
[www.takaratomy.co.jp/products/wixoss/wxwp/images/card/PR/PR-175.jpg]
[www.takaratomy.co.jp/products/wixoss/wxwp/images/card/WX12/WX12-043.jpg]
[www.takaratomy.co.jp/products/wixoss/wxwp/images/card/WX14/WX14-035.jpg]
[www.takaratomy.co.jp/products/wixoss/wxwp/images/card/WX06/WX06-018.jpg]
[www.takaratomy.co.jp/products/wixoss/wxwp/images/card/WX07/WX07-036.jpg]
[www.takaratomy.co.jp/products/wixoss/wxwp/images/card/WX12/WX12-019.jpg]
[www.takaratomy.co.jp/products/wixoss/wxwp/images/card/WX14/WX14-025.jpg]
[www.takaratomy.co.jp/products/wixoss/wxwp/images/column/play_161118/anm_image_006.jpg]
[www.takaratomy.co.jp/products/wixoss/wxwp/images/column/play_161118/anm_image_007.jpg]
[www.takaratomy.co.jp/products/wixoss/wxwp/images/column/play_161118/anm_image_008.jpg]
[www.takaratomy.co.jp/products/wixoss/wxwp/images/column/play_161118/anm_image_009.jpg]
[www.takaratomy.co.jp/products/wixoss/wxwp/images/column/play_161118/anm_image_010.jpg]
[www.takaratomy.co.jp/products/wixoss/wxwp/images/column/play_161118/anm_image_011.jpg]
[www.takaratomy.co.jp/products/wixoss/wxwp/images/column/play_161118/field_001.jpg]
[www.takaratomy.co.jp/products/wixoss/wxwp/images/column/play_161118/anm_image_012.jpg]
[www.takaratomy.co.jp/products/wixoss/wxwp/images/column/play_161118/anm_image_013.jpg]
[www.takaratomy.co.jp/products/wixoss/wxwp/images/column/play_161118/field_002.jpg]
[www.takaratomy.co.jp/products/wixoss/wxwp/images/column/play_161118/play_img_001.jpg]
[www.takaratomy.co.jp/products/wixoss/wxwp/images/column/play_161118/anm_image_014.jpg]
[www.takaratomy.co.jp/products/wixoss/wxwp/images/column/play_161118/anm_image_015.jpg]
[www.takaratomy.co.jp/products/wixoss/wxwp/images/column/play_161118/anm_image_016.jpg]
[www.takaratomy.co.jp/products/wixoss/wxwp/images/column/play_161118/field_003.jpg]
[www.takaratomy.co.jp/products/wixoss/wxwp/images/column/play_161118/anm_image_017.jpg]
[www.takaratomy.co.jp/products/wixoss/wxwp/images/copyright.png]
[www.takaratomy.co.jp/products/inazumago/gfooter/index.js]
[www.takaratomy.co.jp/products/wixoss/wxwp/images/common/footer_mall/footer_mall_001.jpg]
[www.takaratomy.co.jp/common/img/txt_footer_links01_no.gif]
[www.takaratomy.co.jp/common/img/txt_footer_links02_no.gif]
[www.takaratomy.co.jp/common/img/txt_footer_links03_no.gif]
[www.takaratomy.co.jp/common/img/txt_footer_links04_no.gif]
[www.takaratomy.co.jp/common/img/txt_footer_links05_no.gif]
[www.takaratomy.co.jp/common/img/txt_footer_links06_no.gif]
[www.takaratomy.co.jp/common/img/copyright01.gif]
[www.takaratomy.co.jp/common/img/logo_footer01.gif]
[cf.eco-tag.jp/asi/asi-pix-takaratomy-min.js]
[www.takaratomy.co.jp/products/wixoss/wxwp/wp-content/plugins/wp-polls/polls-js4008.js]
[www.takaratomy.co.jp/products/wixoss/wxwp/wp-content/themes/wixoss_pc/js/skip-link-focus-fixd01e.js]
[www.takaratomy.co.jp/products/wixoss/wxwp/wp-content/themes/wixoss_pc/js/functionsd7c8.js]
[www.takaratomy.co.jp/products/wixoss/wxwp/wp-includes/js/wp-embed.min1c9b.js]
[www.takaratomy.co.jp/products/wixoss/column/play_161118/index.html]
[www.takaratomy.co.jp/products/wixoss/wxwp/wp-content/plugins/wp-polls/polls-css4008.css]
[www.takaratomy.co.jp/products/wixoss/wxwp/wp-content/plugins/wp-pagenavi/pagenavi-css44fd.css]
[www.takaratomy.co.jp/products/wixoss/wxwp/wp-content/themes/wixoss_pc/genericons/Genericons.eot]
[www.takaratomy.co.jp/products/wixoss/wxwp/wp-content/themes/wixoss_pc/genericons/Genericons.ttf]
[www.takaratomy.co.jp/products/wixoss/wxwp/wp-content/themes/wixoss_pc/genericons/genericonscf1b.css]
[www.takaratomy.co.jp/products/wixoss/wxwp/wp-content/themes/wixoss_pc/images/Contents_Prev_btn.png]
[www.takaratomy.co.jp/products/wixoss/wxwp/wp-content/themes/wixoss_pc/images/Contents_Next_btn.png]
[www.takaratomy.co.jp/products/wixoss/wxwp/wp-content/themes/wixoss_pc/style1c9b.css]
[www.takaratomy.co.jp/products/wixoss/wxwp/wp-content/plugins/master-slider/public/assets/css/common/loading-2.gif]
[www.takaratomy.co.jp/products/wixoss/wxwp/wp-content/plugins/master-slider/public/assets/css/common/grab.png]
[www.takaratomy.co.jp/products/wixoss/wxwp/wp-content/plugins/master-slider/public/assets/css/common/grabbing.png]
[www.takaratomy.co.jp/products/wixoss/wxwp/wp-content/plugins/master-slider/public/assets/css/common/video-close-btn.png]
[www.takaratomy.co.jp/products/wixoss/wxwp/wp-content/plugins/master-slider/public/assets/css/skins/light-skin-1.png]
[www.takaratomy.co.jp/products/wixoss/wxwp/wp-content/plugins/master-slider/public/assets/css/skins/light-skin-1-retina.png]
[www.takaratomy.co.jp/products/wixoss/wxwp/wp-content/plugins/master-slider/public/assets/css/skins/black-skin-1.png]
[www.takaratomy.co.jp/products/wixoss/wxwp/wp-content/plugins/master-slider/public/assets/css/skins/black-skin-1-retina.png]
[www.takaratomy.co.jp/products/wixoss/wxwp/wp-content/plugins/master-slider/public/assets/css/skins/black-skin-2.png]
[www.takaratomy.co.jp/products/wixoss/wxwp/wp-content/plugins/master-slider/public/assets/css/skins/black-skin-2-retina.png]
[www.takaratomy.co.jp/products/wixoss/wxwp/wp-content/plugins/master-slider/public/assets/css/skins/light-skin-2.png]
[www.takaratomy.co.jp/products/wixoss/wxwp/wp-content/plugins/master-slider/public/assets/css/skins/light-skin-2-retina.png]
[www.takaratomy.co.jp/products/wixoss/wxwp/wp-content/plugins/master-slider/public/assets/css/skins/light-skin-3.png]
[www.takaratomy.co.jp/products/wixoss/wxwp/wp-content/plugins/master-slider/public/assets/css/skins/light-skin-3-retina.png]
[www.takaratomy.co.jp/products/wixoss/wxwp/wp-content/plugins/master-slider/public/assets/css/skins/light-skin-4.png]
[www.takaratomy.co.jp/products/wixoss/wxwp/wp-content/plugins/master-slider/public/assets/css/skins/light-skin-4-retina.png]
[www.takaratomy.co.jp/products/wixoss/wxwp/wp-content/plugins/master-slider/public/assets/css/skins/light-skin-5.png]
[www.takaratomy.co.jp/products/wixoss/wxwp/wp-content/plugins/master-slider/public/assets/css/skins/light-skin-5-retina.png]
[www.takaratomy.co.jp/products/wixoss/wxwp/wp-content/plugins/master-slider/public/assets/css/skins/light-skin-6.png]
[www.takaratomy.co.jp/products/wixoss/wxwp/wp-content/plugins/master-slider/public/assets/css/skins/light-skin-6-retina.png]
[www.takaratomy.co.jp/products/wixoss/wxwp/wp-content/plugins/master-slider/public/assets/css/skins/metro-skin.png]
[www.takaratomy.co.jp/products/wixoss/wxwp/wp-content/plugins/master-slider/public/assets/css/skins/metro-skin-retina.png]
[www.takaratomy.co.jp/products/wixoss/wxwp/wp-content/plugins/master-slider/public/assets/css/skins/contrast-skin.png]
[www.takaratomy.co.jp/products/wixoss/wxwp/wp-content/plugins/master-slider/public/assets/css/skins/contrast-skin-retina.png]
[www.takaratomy.co.jp/products/wixoss/wxwp/wp-content/plugins/master-slider/public/assets/css/masterslider.maina305.css]
[www.takaratomy.co.jp/products/wixoss/wxwp/wp-content/themes/wixoss_pc/images/top_icon_01.png]
[www.takaratomy.co.jp/products/wixoss/wxwp/wp-content/themes/wixoss_pc/images/bg_img.jpg]
[www.takaratomy.co.jp/products/wixoss/wxwp/wp-content/themes/wixoss_pc/images/bg_chara/bg_chara_08.png]
[www.takaratomy.co.jp/products/wixoss/wxwp/wp-content/themes/wixoss_pc/images/nav_bg.png]
[www.takaratomy.co.jp/products/wixoss/wxwp/wp-content/themes/wixoss_pc/images/nav_drop_bg.jpg]
[www.takaratomy.co.jp/products/wixoss/wxwp/wp-content/themes/wixoss_pc/images/nav_drop_bg_on.jpg]
[www.takaratomy.co.jp/products/wixoss/wxwp/wp-content/themes/wixoss_pc/images/nav_drop_bg_footer.jpg]
[www.takaratomy.co.jp/products/wixoss/wxwp/wp-content/themes/wixoss_pc/images/title_bg_01.png]
[www.takaratomy.co.jp/products/wixoss/wxwp/wp-content/themes/wixoss_pc/images/2nd_btn.png]
[www.takaratomy.co.jp/products/wixoss/wxwp/wp-content/themes/wixoss_pc/images/card_list_bg.jpg]
[www.takaratomy.co.jp/products/wixoss/wxwp/wp-content/themes/wixoss_pc/images/column1_block_bottomfrm.png]
[www.takaratomy.co.jp/products/wixoss/wxwp/wp-content/themes/wixoss_pc/images/h4_bg.jpg]
[www.takaratomy.co.jp/products/wixoss/wxwp/wp-content/themes/wixoss_pc/images/icon_cross.png]
[www.takaratomy.co.jp/products/wixoss/wxwp/wp-content/themes/wixoss_pc/images/side_nav_drop_bg_footer.jpg]
[www.takaratomy.co.jp/products/wixoss/wxwp/wp-content/themes/wixoss_pc/images/column2_block_bottomfrm.png]
[www.takaratomy.co.jp/products/wixoss/wxwp/wp-content/themes/wixoss_pc/images/h4_title_card.jpg]
[www.takaratomy.co.jp/products/wixoss/wxwp/wp-content/themes/wixoss_pc/images/h5_icon.png]
[www.takaratomy.co.jp/products/wixoss/wxwp/wp-content/themes/wixoss_pc/images/product_frame_01.png]
[www.takaratomy.co.jp/products/wixoss/wxwp/wp-content/themes/wixoss_pc/images/product_line.png]
[www.takaratomy.co.jp/products/wixoss/wxwp/wp-content/themes/wixoss_pc/images/top_slider_header.png]
[www.takaratomy.co.jp/products/wixoss/wxwp/wp-content/themes/wixoss_pc/images/top_slider_footer.png]
[www.takaratomy.co.jp/products/wixoss/wxwp/wp-content/themes/wixoss_pc/images/top_news_bg_footer.png]
[www.takaratomy.co.jp/products/wixoss/wxwp/wp-content/themes/wixoss_pc/images/top_left_bg_footer.png]
[www.takaratomy.co.jp/products/wixoss/wxwp/wp-content/themes/wixoss_pc/images/top_icon_02.png]
[www.takaratomy.co.jp/products/wixoss/wxwp/wp-content/themes/wixoss_pc/images/icon_new_01.png]
[www.takaratomy.co.jp/products/wixoss/wxwp/wp-content/themes/wixoss_pc/images/list_bg_01.jpg]
[www.takaratomy.co.jp/products/wixoss/wxwp/wp-content/themes/wixoss_pc/images/icon_wcross.png]
[www.takaratomy.co.jp/products/wixoss/wxwp/wp-content/themes/wixoss_pc/images/event_h4_off.jpg]
[www.takaratomy.co.jp/products/wixoss/wxwp/wp-content/themes/wixoss_pc/images/event_h4_aut.jpg]
[www.takaratomy.co.jp/products/wixoss/wxwp/wp-content/themes/wixoss_pc/images/event_h4_cam.jpg]
[www.takaratomy.co.jp/products/wixoss/wxwp/wp-content/themes/wixoss_pc/images/event_h4_oth.jpg]
[www.takaratomy.co.jp/products/wixoss/wxwp/wp-content/themes/wixoss_pc/images/event_h4_gir.jpg]
[www.takaratomy.co.jp/products/wixoss/wxwp/wp-content/themes/wixoss_pc/images/columu_h4_play.jpg]
[www.takaratomy.co.jp/products/wixoss/wxwp/wp-content/themes/wixoss_pc/images/columu_h4_girl.jpg]
[www.takaratomy.co.jp/products/wixoss/wxwp/wp-content/themes/wixoss_pc/images/columu_h4_boy.jpg]
[www.takaratomy.co.jp/products/wixoss/wxwp/wp-content/themes/wixoss_pc/images/column_mail_quote.png]
[www.takaratomy.co.jp/products/wixoss/wxwp/wp-content/themes/wixoss_pc/images/icon_faq_q.png]
[www.takaratomy.co.jp/products/wixoss/wxwp/wp-content/themes/wixoss_pc/images/card_detail_back_03.png]
[www.takaratomy.co.jp/products/wixoss/wxwp/wp-content/themes/wixoss_pc/images/card_detail_back_01.png]
[www.takaratomy.co.jp/products/wixoss/wxwp/wp-content/themes/wixoss_pc/images/card_detail_back_02.png]
[www.takaratomy.co.jp/products/wixoss/wxwp/wp-content/themes/wixoss_pc/images/icon_faq_a.png]
[www.takaratomy.co.jp/products/wixoss/wxwp/wp-content/themes/wixoss_pc/images/rule_btn_background.jpg]
[www.takaratomy.co.jp/products/wixoss/wxwp/wp-content/themes/wixoss_pc/images/event_detail_img_150412_02.jpg]
[www.takaratomy.co.jp/products/wixoss/wxwp/wp-content/themes/wixoss_pc/images/event_bg_banner/bg_parent_white.jpg]
[www.takaratomy.co.jp/products/wixoss/wxwp/wp-content/themes/wixoss_pc/images/event_bg_banner/bg_parent_purple.jpg]
[www.takaratomy.co.jp/products/wixoss/wxwp/wp-content/themes/wixoss_pc/images/event_bg_banner/bg_parent_red.jpg]
[www.takaratomy.co.jp/products/wixoss/wxwp/wp-content/themes/wixoss_pc/images/event_bg_banner/bg_parent_blue.jpg]
[www.takaratomy.co.jp/products/wixoss/wxwp/wp-content/themes/wixoss_pc/images/event_bg_banner/bg_parent_green.jpg]
[www.takaratomy.co.jp/products/wixoss/wxwp/wp-content/themes/wixoss_pc/images/event_bg_banner/bg_parent_null.jpg]
[www.takaratomy.co.jp/products/wixoss/wxwp/wp-content/themes/wixoss_pc/images/event_bg_banner/bg_circle_pink.jpg]
[www.takaratomy.co.jp/products/wixoss/wxwp/wp-content/themes/wixoss_pc/images/event_bg_banner/bg_circle_purple.jpg]
[www.takaratomy.co.jp/products/wixoss/wxwp/wp-content/themes/wixoss_pc/images/event_bg_banner/bg_poly_green.jpg]
[www.takaratomy.co.jp/products/wixoss/wxwp/wp-content/themes/wixoss_pc/images/event_bg_banner/bg_poly_purple.jpg]
[www.takaratomy.co.jp/products/wixoss/wxwp/wp-content/themes/wixoss_pc/images/event_bg_banner/bg_poly_red.jpg]
[www.takaratomy.co.jp/products/wixoss/wxwp/wp-content/themes/wixoss_pc/images/event_bg_banner/bg_poly_yellow.jpg]
[www.takaratomy.co.jp/products/wixoss/wxwp/wp-content/themes/wixoss_pc/images/event_bg_banner/bg_stripe_blue.jpg]
[www.takaratomy.co.jp/products/wixoss/wxwp/wp-content/themes/wixoss_pc/images/event_bg_banner/bg_boke_white.jpg]
[www.takaratomy.co.jp/products/wixoss/wxwp/wp-content/themes/wixoss_pc/images/event_bg_banner/bg_pattern_fire.jpg]
[www.takaratomy.co.jp/products/wixoss/wxwp/wp-content/themes/wixoss_pc/images/event_bg_banner/bg_pattern_mono01.jpg]
[www.takaratomy.co.jp/products/wixoss/wxwp/wp-content/themes/wixoss_pc/images/event_bg_banner/bg_pattern_present.jpg]
[www.takaratomy.co.jp/products/wixoss/wxwp/wp-content/themes/wixoss_pc/images/event_bg_banner/bg_child_white.jpg]
[www.takaratomy.co.jp/products/wixoss/wxwp/wp-content/themes/wixoss_pc/images/event_bg_banner/bg_child_purple.jpg]
[www.takaratomy.co.jp/products/wixoss/wxwp/wp-content/themes/wixoss_pc/images/event_bg_banner/bg_child_red.jpg]
[www.takaratomy.co.jp/products/wixoss/wxwp/wp-content/themes/wixoss_pc/images/event_bg_banner/bg_child_blue.jpg]
[www.takaratomy.co.jp/products/wixoss/wxwp/wp-content/themes/wixoss_pc/images/event_bg_banner/bg_child_green.jpg]
[www.takaratomy.co.jp/products/wixoss/wxwp/wp-content/themes/wixoss_pc/images/novel_bg.png]
[www.takaratomy.co.jp/products/wixoss/wxwp/images/about/2016_aboutwx_chara_001.png]
[www.takaratomy.co.jp/products/wixoss/wxwp/wp-content/themes/wixoss_pc/images/product_bg_001.jpg]
[www.takaratomy.co.jp/products/wixoss/wxwp/wp-content/themes/wixoss_pc/pc.css]
[www.takaratomy.co.jp/products/wixoss/wxwp/wp-content/themes/wixoss_pc/images/card_detail_close_off.png]
[www.takaratomy.co.jp/products/wixoss/wxwp/wp-content/themes/wixoss_pc/images/card_detail_close_on.png]
[www.takaratomy.co.jp/products/wixoss/wxwp/wp-content/themes/wixoss_pc/colorbox.css]
[www.takaratomy.co.jp/products/wixoss/wxwp/wp-content/themes/wixoss_pc/card_detail.css]
[www.takaratomy.co.jp/products/wixoss/wxwp/wp-content/themes/wixoss_pc/css/galleryview.css]
[www.takaratomy.co.jp/products/wixoss/wxwp/wp-content/themes/wixoss_pc/common/css/import.css]
[www.takaratomy.co.jp/products/wixoss/wxwp/wp-content/themes/wixoss_pc/common/css/print.css]
[rsv.dga.jp/s/t_tomy/search_tool_n1.js]
[cache.dga.jp/s/t_tomy/search_tool_n1.js]
[www.takaratomy.co.jp/js/t2_macromill.js/js/t2_macromill.html]
[connect.facebook.net/en_US/fbevents.js]
[www.takaratomy.co.jp/products/wixoss/wxwp/wp-content/themes/wixoss_pc/genericons/Genericons.svg]
[www.takaratomy.co.jp/products/wixoss/wxwp/wp-content/themes/wixoss_pc/images/Next_Prev_btn.html]
[www.takaratomy.co.jp/products/wixoss/wxwp/wp-content/plugins/master-slider/public/assets/css/contrast-skin.html]
[www.takaratomy.co.jp/products/wixoss/wxwp/wp-content/themes/rule/images/rule_btn_background.html]
[www.takaratomy.co.jp/products/wixoss/wxwp/wp-content/themes/wixoss_pc/images/loading.html]
[www.takaratomy.co.jp/products/wixoss/wxwp/wp-content/themes/images/card_detail_back_03.html]
[www.takaratomy.co.jp/products/wixoss/wxwp/wp-content/themes/images/card_detail_back_01.html]
[www.takaratomy.co.jp/products/wixoss/wxwp/wp-content/themes/images/card_detail_back_02.html]
[www.takaratomy.co.jp/products/wixoss/wxwp/wp-content/themes/images/bg_img.html]
[www.takaratomy.co.jp/products/wixoss/wxwp/wp-content/themes/images/card_list_bg.html]
[www.takaratomy.co.jp/products/wixoss/wxwp/wp-content/themes/images/icon_faq_q.html]
[www.takaratomy.co.jp/products/wixoss/wxwp/wp-content/themes/images/icon_faq_a.html]
[www.takaratomy.co.jp/products/wixoss/wxwp/wp-content/themes/wixoss_pc/images/rule/teach_slider/img-loader.html]
[www.takaratomy.co.jp/products/wixoss/wxwp/wp-content/themes/wixoss_pc/images/rule/teach_slider/themes/light/info.html]
[www.takaratomy.co.jp/products/wixoss/wxwp/wp-content/themes/wixoss_pc/images/rule/teach_slider/themes/light/play-big.html]
[www.takaratomy.co.jp/products/wixoss/wxwp/wp-content/themes/wixoss_pc/images/rule/teach_slider/themes/light/pause-big.html]
[www.takaratomy.co.jp/products/wixoss/wxwp/wp-content/themes/wixoss_pc/images/rule/teach_slider/themes/light/next.html]
[www.takaratomy.co.jp/products/wixoss/wxwp/wp-content/themes/wixoss_pc/images/rule/teach_slider/themes/light/prev.html]
[www.takaratomy.co.jp/products/wixoss/wxwp/wp-content/themes/wixoss_pc/images/rule/teach_slider/themes/light/panel-next-big.html]
[www.takaratomy.co.jp/products/wixoss/wxwp/wp-content/themes/wixoss_pc/images/rule/teach_slider/themes/light/panel-prev-big.html]
[www.takaratomy.co.jp/products/wixoss/wxwp/wp-content/themes/wixoss_pc/common/css/reset.css]
[www.takaratomy.co.jp/common/images/com_bg053.gif]
[www.takaratomy.co.jp/common/images/com_bg054.gif]
[www.takaratomy.co.jp/common/images/com_bg006.gif]
[www.takaratomy.co.jp/common/images/com_bg062.gif]
[www.takaratomy.co.jp/common/images/com_bg061.gif]
[www.takaratomy.co.jp/common/images/com_bg078.gif]
[www.takaratomy.co.jp/common/images/com_bg077.gif]
[www.takaratomy.co.jp/common/images/com_bg064.gif]
[www.takaratomy.co.jp/common/images/com_bg063.gif]
[www.takaratomy.co.jp/common/images/com_bg055.gif]
[www.takaratomy.co.jp/common/images/com_bg057.gif]
[www.takaratomy.co.jp/common/images/com_bg056.gif]
[www.takaratomy.co.jp/common/images/com_bg058.gif]
[www.takaratomy.co.jp/common/images/com_bg065.gif]
[www.takaratomy.co.jp/common/images/com_bg067.gif]
[www.takaratomy.co.jp/common/images/com_bg066.gif]
[www.takaratomy.co.jp/common/images/com_bg068.gif]
[www.takaratomy.co.jp/common/images/com_bg069.gif]
[www.takaratomy.co.jp/common/images/com_bg070.gif]
[www.takaratomy.co.jp/common/images/com_ic001.gif]
[www.takaratomy.co.jp/common/images/com_ic020.gif]
[www.takaratomy.co.jp/common/images/com_bg060.gif]
[www.takaratomy.co.jp/common/images/com_bg059.gif]
[www.takaratomy.co.jp/products/images/products_bg004.gif]
[www.takaratomy.co.jp/common/images/com_bg008.gif]
[www.takaratomy.co.jp/common/images/com_bg071.gif]
[www.takaratomy.co.jp/common/images/com_bg072.gif]
[www.takaratomy.co.jp/common/images/com_bg073.gif]
[www.takaratomy.co.jp/common/images/bg01.gif]
[www.takaratomy.co.jp/common/images/bt01.gif]
[www.takaratomy.co.jp/common/images/bt02.gif]
[www.takaratomy.co.jp/common/images/bt03.gif]
[www.takaratomy.co.jp/products/wixoss/wxwp/wp-content/themes/wixoss_pc/common/css/layout_new.css]
[www.takaratomy.co.jp/common/images/com_bg021.gif]
[www.takaratomy.co.jp/common/images/com_bg020.gif]
[www.takaratomy.co.jp/common/images/com_bg032.gif]
[www.takaratomy.co.jp/common/images/com_bg031.gif]
[www.takaratomy.co.jp/common/images/com_bg022.gif]
[www.takaratomy.co.jp/common/images/com_bg028.gif]
[www.takaratomy.co.jp/common/images/com_bg080.gif]
[www.takaratomy.co.jp/common/images/com_bg081.gif]
[www.takaratomy.co.jp/common/images/com_bg024.gif]
[www.takaratomy.co.jp/common/images/com_bg023.gif]
[www.takaratomy.co.jp/common/images/com_bg026.gif]
[www.takaratomy.co.jp/common/images/com_bg025.gif]
[www.takaratomy.co.jp/common/images/com_bg042.gif]
[www.takaratomy.co.jp/common/images/com_bg079.gif]
[www.takaratomy.co.jp/common/images/com_bg027.gif]
[www.takaratomy.co.jp/common/images/com_ic002.gif]
[www.takaratomy.co.jp/common/images/com_ic019.gif]
[www.takaratomy.co.jp/common/images/com_ic004.gif]
[www.takaratomy.co.jp/common/images/com_bg002.gif]
[www.takaratomy.co.jp/common/images/com_bg001.gif]
[www.takaratomy.co.jp/common/images/com_bg003.gif]
[www.takaratomy.co.jp/common/images/com_bg004.gif]
[www.takaratomy.co.jp/common/images/com_ic005.gif]
[www.takaratomy.co.jp/common/images/com_bg019.gif]
[www.takaratomy.co.jp/common/images/com_ic007.gif]
[www.takaratomy.co.jp/common/images/com_ic008.gif]
[www.takaratomy.co.jp/common/images/com_bg009.gif]
[www.takaratomy.co.jp/common/images/com_bg010.gif]
[www.takaratomy.co.jp/common/images/com_bg009on.gif]
[www.takaratomy.co.jp/common/images/com_bg010on.gif]
[www.takaratomy.co.jp/common/images/com_bg005.gif]
[www.takaratomy.co.jp/common/images/com_ic006.gif]
[www.takaratomy.co.jp/common/images/com_ic009.gif]
[www.takaratomy.co.jp/common/images/com_ic010.gif]
[www.takaratomy.co.jp/common/images/com_ic011.gif]
[www.takaratomy.co.jp/common/images/com_bg012.gif]
[www.takaratomy.co.jp/common/images/com_bg011.gif]
[www.takaratomy.co.jp/common/images/com_bg013.gif]
[www.takaratomy.co.jp/common/images/com_bg015.gif]
[www.takaratomy.co.jp/common/images/com_bg038.gif]
[www.takaratomy.co.jp/common/images/com_bg043.gif]
[www.takaratomy.co.jp/common/images/com_bg041.gif]
[www.takaratomy.co.jp/common/images/com_bg039.gif]
[www.takaratomy.co.jp/common/images/com_bg040.gif]
[www.takaratomy.co.jp/common/images/com_bg074.gif]
[www.takaratomy.co.jp/common/images/com_bg075.gif]
[www.takaratomy.co.jp/common/images/com_bg076.gif]
[www.takaratomy.co.jp/common/images/com_bg014.gif]
[www.takaratomy.co.jp/common/images/com_bg017.gif]
[www.takaratomy.co.jp/common/images/com_bg016.gif]
[www.takaratomy.co.jp/common/images/com_ic014.gif]
[www.takaratomy.co.jp/whatsnew/images/whatsnew_bg002.gif]
[www.takaratomy.co.jp/whatsnew/images/whatsnew_bg001.gif]
[www.takaratomy.co.jp/common/images/com_ic012.gif]
[www.takaratomy.co.jp/common/images/com_ic013.gif]
[www.takaratomy.co.jp/common/images/com_bg018.gif]
[www.takaratomy.co.jp/common/images/com_bg035.gif]
[www.takaratomy.co.jp/common/images/com_bg034.gif]
[www.takaratomy.co.jp/common/images/com_bg033.gif]
[www.takaratomy.co.jp/common/images/com_bg036.gif]
[www.takaratomy.co.jp/common/images/com_bg007.gif]
[www.takaratomy.co.jp/products/wixoss/wxwp/wp-content/themes/wixoss_pc/common/css/base.css]
[www.takaratomy.co.jp/products/wixoss/wxwp/wp-content/themes/wixoss_pc/common/css/font.css]
[www.takaratomy.co.jp/common/img/logo_top01.png]
[www.takaratomy.co.jp/common/img/btn_menu01.png]
[www.takaratomy.co.jp/common/img/btn_menu02.png]
[www.takaratomy.co.jp/common/img/btn_menu03.png]
[www.takaratomy.co.jp/common/img/btn_menu04.png]
[www.takaratomy.co.jp/common/img/btn_menu05.png]
[www.takaratomy.co.jp/common/img/btn_menu06.png]
[www.takaratomy.co.jp/common/img/btn_menu07.png]
[www.takaratomy.co.jp/common/img/btn_menu08.png]
[www.takaratomy.co.jp/common/img/btn_submenu01.png]
[www.takaratomy.co.jp/common/img/btn_submenu02.png]
[www.takaratomy.co.jp/common/img/btn_submenu03.png]
[www.takaratomy.co.jp/common/img/btn_submenu04.png]
[www.takaratomy.co.jp/common/img/btn_submenu05.png]
[www.takaratomy.co.jp/common/img/btn_head_search01.png]
[www.takaratomy.co.jp/common/img/btn_head_sns01.png]
[www.takaratomy.co.jp/common/img/btn_head_sns02.png]
[www.takaratomy.co.jp/common/img/btn_head_sns03.png]
[www.takaratomy.co.jp/products/wixoss/wxwp/wp-content/themes/wixoss_pc/common/css/header_footer.css]
[www.takaratomy.co.jp/products/wixoss/wxwp/wp-content/themes/wixoss_pc/images_new/sub001.html]
[www.takaratomy.co.jp/products/wixoss/wxwp/wp-content/themes/wixoss_pc/images_new/sub001_on.html]
[www.takaratomy.co.jp/products/wixoss/wxwp/wp-content/themes/wixoss_pc/images_new/sub002.html]
[www.takaratomy.co.jp/products/wixoss/wxwp/wp-content/themes/wixoss_pc/images_new/sub002_on.html]
[www.takaratomy.co.jp/products/wixoss/wxwp/wp-content/themes/wixoss_pc/images_new/sub003.html]
[www.takaratomy.co.jp/products/wixoss/wxwp/wp-content/themes/wixoss_pc/images_new/sub003_on.html]
[www.takaratomy.co.jp/products/wixoss/wxwp/wp-content/themes/wixoss_pc/images_new/sub004.html]
[www.takaratomy.co.jp/products/wixoss/wxwp/wp-content/themes/wixoss_pc/images_new/sub004_on.html]
[www.takaratomy.co.jp/products/wixoss/wxwp/wp-content/themes/wixoss_pc/images_new/sub005.html]
[www.takaratomy.co.jp/products/wixoss/wxwp/wp-content/themes/wixoss_pc/images_new/sub005_on.html]
[www.takaratomy.co.jp/products/wixoss/wxwp/wp-content/themes/wixoss_pc/images_new/head_takaratomy.html]
[www.takaratomy.co.jp/products/wixoss/wxwp/wp-content/themes/wixoss_pc/images_new/head_takaratomy_ov.html]
[www.takaratomy.co.jp/products/wixoss/wxwp/wp-content/themes/wixoss_pc/images_new/head_normalsite.html]
[www.takaratomy.co.jp/products/wixoss/wxwp/wp-content/themes/wixoss_pc/images_new/head_normalsite_ov.html]
[www.takaratomy.co.jp/products/wixoss/wxwp/wp-content/themes/wixoss_pc/images_new/head_normalsite3.html]
[www.takaratomy.co.jp/products/wixoss/wxwp/wp-content/themes/wixoss_pc/images_new/head_normalsite3_ov.html]
[www.takaratomy.co.jp/products/wixoss/wxwp/wp-content/themes/wixoss_pc/images_new/head_normalsite4.html]
[www.takaratomy.co.jp/products/wixoss/wxwp/wp-content/themes/wixoss_pc/images_new/head_normalsite4_ov.html]
[www.takaratomy.co.jp/products/wixoss/wxwp/wp-content/themes/wixoss_pc/images_new/menu001.html]
[www.takaratomy.co.jp/products/wixoss/wxwp/wp-content/themes/wixoss_pc/images_new/menu001_ov.html]
[www.takaratomy.co.jp/products/wixoss/wxwp/wp-content/themes/wixoss_pc/images_new/menu002.html]
[www.takaratomy.co.jp/products/wixoss/wxwp/wp-content/themes/wixoss_pc/images_new/menu002_ov.html]
[www.takaratomy.co.jp/products/wixoss/wxwp/wp-content/themes/wixoss_pc/images_new/menu003.html]
[www.takaratomy.co.jp/products/wixoss/wxwp/wp-content/themes/wixoss_pc/images_new/menu003_ov.html]
[www.takaratomy.co.jp/products/wixoss/wxwp/wp-content/themes/wixoss_pc/images_new/menu004.html]
[www.takaratomy.co.jp/products/wixoss/wxwp/wp-content/themes/wixoss_pc/images_new/menu004_ov.html]
[www.takaratomy.co.jp/products/wixoss/wxwp/wp-content/themes/wixoss_pc/images_new/menu005.html]
[www.takaratomy.co.jp/products/wixoss/wxwp/wp-content/themes/wixoss_pc/images_new/menu005_ov.html]
[www.takaratomy.co.jp/products/wixoss/wxwp/wp-content/themes/wixoss_pc/images_new/menu006.html]
[www.takaratomy.co.jp/products/wixoss/wxwp/wp-content/themes/wixoss_pc/images_new/menu006_ov.html]
[www.takaratomy.co.jp/products/wixoss/wxwp/wp-content/themes/wixoss_pc/images_new/menu007.html]
[www.takaratomy.co.jp/products/wixoss/wxwp/wp-content/themes/wixoss_pc/images_new/menu007_ov.html]
[www.takaratomy.co.jp/products/wixoss/wxwp/wp-content/themes/wixoss_pc/images_new/menu008.html]
[www.takaratomy.co.jp/products/wixoss/wxwp/wp-content/themes/wixoss_pc/images_new/menu008_ov.html]
[www.googletagmanager.com/gtm5445.js]
[www.google-analytics.com/analytics.js]
